

    
    
        
            
                
                    
                        
                    
                
                                    
                                                    
                                Log in
                            

                                                            
                                    Register
                                
                                                                        
                            

            
                
                    
                        
                            アカウントを作成

                            
                                アカウントをお持ちでない方はこちらから作成してください
                            
                        
                    

                    
                        
                            ログイン

                            
                                アカウントをお持ちの方はこちらからログインしてください
                            
                        
                    
                
            

            
                Laravel v11.21.0 (PHP v8.3.11)
            
        
    



